// Jest Snapshot v1, https://goo.gl/fbAQLP

exports[`CollapsibleComponent snapshot renders 1`] = `<div />`;
