// Jest Snapshot v1, https://goo.gl/fbAQLP

exports[`CollapsibleHead snapshot renders 1`] = `
<button
  className="accordion-head "
/>
`;
