// Jest Snapshot v1, https://goo.gl/fbAQLP

exports[`CollapsibleHead render test 1`] = `
<button
  className="accordion-head additionalClassForHead"
>
  Head title 1
</button>
`;
